// Jest Snapshot v1, https://goo.gl/fbAQLP

exports[`Given a Favorites component Should render the Favorites of page 1`] = `
<View
  style={
    Object {
      "alignItems": "center",
      "backgroundColor": "white",
      "display": "flex",
      "flex": 1,
      "flexDirection": "column",
    }
  }
>
  <Text
    style={
      Object {
        "fontSize": 20,
        "marginBottom": 10,
        "marginTop": 70,
      }
    }
  >
    Favorites
  </Text>
  <View
    style={
      Object {
        "display": "flex",
        "flexDirection": "row",
        "flexWrap": "wrap",
      }
    }
  >
    <View
      accessible={true}
      collapsable={false}
      focusable={true}
      onBlur={[Function]}
      onClick={[Function]}
      onFocus={[Function]}
      onResponderGrant={[Function]}
      onResponderMove={[Function]}
      onResponderRelease={[Function]}
      onResponderTerminate={[Function]}
      onResponderTerminationRequest={[Function]}
      onStartShouldSetResponder={[Function]}
    >
      <View
        style={
          Object {
            "elevation": 5,
            "margin": 10,
            "shadowColor": "#000",
            "shadowOffset": Object {
              "height": 6,
              "width": 0,
            },
            "shadowOpacity": 0.25,
            "shadowRadius": 3.84,
          }
        }
      >
        <Image
          source={
            Object {
              "uri": "a",
            }
          }
          style={
            Object {
              "borderRadius": 20,
              "height": 120,
              "width": 170,
            }
          }
          testID="detailButton"
        />
      </View>
    </View>
  </View>
</View>
`;
